// Vitest Snapshot v1, https://vitest.dev/guide/snapshot.html

exports[`GITADORA Inverse Skill Validation Tests > Should throw if level provided was negative 1`] = `"Invalid input, Chart Level cannot be negative. level=-1."`;

exports[`GITADORA Inverse Skill Validation Tests > Should throw if skill provided was negative 1`] = `"Invalid input, Skill cannot be negative. skill=-1."`;

exports[`GITADORA Inverse Skill Validation Tests > Should throw if the skill provided was not possible on this chart. 1`] = `"Invalid input, A skill level of 9000 is not possible on a chart with level 1. skill=9000, level=1."`;

exports[`GITADORA Skill Validation Tests > Should throw if level provided was negative 1`] = `"Invalid input, Chart Level cannot be negative. level=-1."`;

exports[`GITADORA Skill Validation Tests > Should throw if skill provided was negative 1`] = `"Invalid input, Score Percent cannot be negative. scorePercent=-1."`;
